// Jest Snapshot v1, https://goo.gl/fbAQLP

exports[`BlogPosts should render the item 1`] = `
<View
  style={
    Object {
      "marginHorizontal": 10,
    }
  }
  testID="blogPosts"
>
  <View
    style={
      Object {
        "alignItems": "center",
        "flexDirection": "row",
        "justifyContent": "space-between",
      }
    }
  >
    <Text
      style={
        Array [
          Object {
            "color": "rgba(28, 27, 31, 1)",
            "fontSize": 22,
            "fontWeight": "400",
            "letterSpacing": 0,
            "lineHeight": 28,
          },
          Object {
            "textAlign": "left",
          },
          Object {
            "writingDirection": "ltr",
          },
          Object {
            "fontSize": 20,
            "marginBottom": 9,
          },
        ]
      }
    >
      From the journal
    </Text>
    <View
      accessible={true}
      collapsable={false}
      focusable={true}
      onBlur={[Function]}
      onClick={[Function]}
      onFocus={[Function]}
      onResponderGrant={[Function]}
      onResponderMove={[Function]}
      onResponderRelease={[Function]}
      onResponderTerminate={[Function]}
      onResponderTerminationRequest={[Function]}
      onStartShouldSetResponder={[Function]}
      testID="handlePressBlogs"
    >
      <Text
        style={
          Array [
            Object {
              "color": "rgba(28, 27, 31, 1)",
              "fontSize": 16,
              "fontWeight": "500",
              "letterSpacing": 0.15,
              "lineHeight": 24,
            },
            Object {
              "textAlign": "left",
            },
            Object {
              "writingDirection": "ltr",
            },
            Object {
              "fontSize": 14,
              "marginBottom": 9,
              "textDecorationLine": "underline",
            },
          ]
        }
      >
        View All
      </Text>
    </View>
  </View>
  <View
    style={
      Object {
        "flexDirection": "column",
      }
    }
  >
    <View
      style={
        Object {
          "width": "100%",
        }
      }
    >
      <View
        style={
          Object {
            "alignItems": "center",
            "marginBottom": 10,
          }
        }
      >
        <Image
          source={
            Object {
              "uri": "https://cdn.shopify.com/s/files/1/0648/1303/9842/articles/Fathers-day-recipe-ideas-by-fresh-fruit-company-in-Dubai-1200x600_360x.jpg",
            }
          }
          style={
            Object {
              "height": 320,
              "width": "100%",
            }
          }
        />
        <Text
          style={
            Array [
              Object {
                "color": "rgba(28, 27, 31, 1)",
              },
              Object {
                "textAlign": "left",
              },
              Object {
                "fontFamily": "700",
                "fontSize": 16,
                "textAlign": "center",
                "width": "70%",
              },
            ]
          }
        >
          blog title
        </Text>
        <Text
          style={
            Array [
              Object {
                "color": "rgba(28, 27, 31, 1)",
              },
              Object {
                "textAlign": "left",
              },
              Object {
                "fontFamily": "400",
                "fontSize": 14,
              },
            ]
          }
        >
          May 26, 2022
        </Text>
      </View>
    </View>
    <View
      style={
        Array [
          Object {
            "backgroundColor": "rgba(231, 224, 236, 1)",
            "height": 0.5,
          },
          undefined,
          false,
          false,
          Object {
            "marginVertical": 5,
          },
        ]
      }
    />
    <View
      style={
        Object {
          "marginHorizontal": 0,
          "width": "100%",
        }
      }
    >
      <View
        style={
          Object {
            "flexDirection": "row",
            "marginBottom": 10,
          }
        }
      >
        <Image
          source={
            Object {
              "uri": "https://cdn.shopify.com/s/files/1/0648/1303/9842/articles/5-ways-to-reduce-food-wastage-with-Fresh-fruits-and-Vegetables-1200x600_520x500.jpg",
            }
          }
          style={
            Object {
              "height": 120,
              "width": "40%",
            }
          }
        />
        <View
          style={
            Object {
              "marginHorizontal": "2%",
              "width": "56%",
            }
          }
        >
          <Text
            style={
              Array [
                Object {
                  "color": "rgba(28, 27, 31, 1)",
                },
                Object {
                  "textAlign": "left",
                },
                Object {
                  "fontFamily": "700",
                  "fontSize": 16,
                },
              ]
            }
          >
            blog title
          </Text>
          <Text
            style={
              Array [
                Object {
                  "color": "rgba(28, 27, 31, 1)",
                },
                Object {
                  "textAlign": "left",
                },
                Object {
                  "fontFamily": "400",
                  "fontSize": 14,
                },
              ]
            }
          >
            May 26, 2022
          </Text>
        </View>
      </View>
      <View
        style={
          Object {
            "flexDirection": "row",
            "marginBottom": 10,
          }
        }
      >
        <Image
          source={
            Object {
              "uri": "https://cdn.shopify.com/s/files/1/0648/1303/9842/articles/5-ways-to-reduce-food-wastage-with-Fresh-fruits-and-Vegetables-1200x600_520x500.jpg",
            }
          }
          style={
            Object {
              "height": 120,
              "width": "40%",
            }
          }
        />
        <View
          style={
            Object {
              "marginHorizontal": "2%",
              "width": "56%",
            }
          }
        >
          <Text
            style={
              Array [
                Object {
                  "color": "rgba(28, 27, 31, 1)",
                },
                Object {
                  "textAlign": "left",
                },
                Object {
                  "fontFamily": "700",
                  "fontSize": 16,
                },
              ]
            }
          >
            blog title
          </Text>
          <Text
            style={
              Array [
                Object {
                  "color": "rgba(28, 27, 31, 1)",
                },
                Object {
                  "textAlign": "left",
                },
                Object {
                  "fontFamily": "400",
                  "fontSize": 14,
                },
              ]
            }
          >
            May 26, 2022
          </Text>
        </View>
      </View>
    </View>
  </View>
</View>
`;
