// Jest Snapshot v1, https://goo.gl/fbAQLP

exports[`Generate initial JSON should render the items 1`] = `
Object {
  "abs": Object {},
  "kind": "",
}
`;
