// Jest Snapshot v1, https://goo.gl/fbAQLP

exports[`CommonAppProvider should render 1`] = `
<div>
  <div
    class=""
  >
    <div
      class="_ae _af _ag"
      data-baseweb="block"
    >
      test
    </div>
  </div>
  <div
    class=""
  />
</div>
`;
