// Jest Snapshot v1, https://goo.gl/fbAQLP

exports[`SidebarMenuItems should render it 1`] = `null`;
