// Jest Snapshot v1, https://goo.gl/fbAQLP

exports[`SuggestedItem should render the item 1`] = `
<View
  testID="suggestedItem"
>
  <View
    style={
      {
        "alignItems": "center",
        "flexDirection": "row",
        "justifyContent": "space-between",
        "marginHorizontal": 10,
      }
    }
  >
    <Text
      style={
        [
          {
            "color": "#000000",
            "fontFamily": "System",
            "fontWeight": "400",
          },
          {
            "textAlign": "left",
          },
          {
            "color": "#808080",
            "fontSize": 18,
            "marginBottom": 9,
          },
        ]
      }
      variant="titleLarge"
    >
      Suggested
    </Text>
    <View
      accessible={true}
      collapsable={false}
      focusable={true}
      onBlur={[Function]}
      onClick={[Function]}
      onFocus={[Function]}
      onResponderGrant={[Function]}
      onResponderMove={[Function]}
      onResponderRelease={[Function]}
      onResponderTerminate={[Function]}
      onResponderTerminationRequest={[Function]}
      onStartShouldSetResponder={[Function]}
      testID="handlePressSuggestedItem"
    >
      <Text
        style={
          [
            {
              "color": "#000000",
              "fontFamily": "System",
              "fontWeight": "400",
            },
            {
              "textAlign": "left",
            },
            {
              "fontSize": 14,
              "marginBottom": 9,
              "textDecorationLine": "underline",
            },
          ]
        }
        variant="titleMedium"
      >
        View All
      </Text>
    </View>
  </View>
  <View>
    <RCTScrollView
      data={
        [
          {
            "currency": "USD",
            "image": "https://burst.shopifycdn.com/photos/fruit-plate.jpg?width=373&height=373&format=pjpg&exif=1&iptc=1",
            "key": "12",
            "name": "Baby Yellow Pepper",
            "packaging": "pack",
            "price": 12,
            "weight_unit": "KG",
          },
          {
            "currency": "USD",
            "image": "https://burst.shopifycdn.com/photos/red-and-green-gooseberries-against-white.jpg?width=373&format=pjpg&exif=1&iptc=1",
            "key": "23",
            "name": "Capsicum mixed",
            "packaging": "pack",
            "price": 23,
            "weight_unit": "KG",
          },
        ]
      }
      getItem={[Function]}
      getItemCount={[Function]}
      horizontal={true}
      initialNumToRender={4}
      keyExtractor={[Function]}
      onContentSizeChange={[Function]}
      onLayout={[Function]}
      onMomentumScrollBegin={[Function]}
      onMomentumScrollEnd={[Function]}
      onScroll={[Function]}
      onScrollBeginDrag={[Function]}
      onScrollEndDrag={[Function]}
      renderItem={[Function]}
      scrollEventThrottle={50}
      stickyHeaderIndices={[]}
      testID="suggestedItemList"
    >
      <View>
        <View
          onLayout={[Function]}
          style={
            [
              {
                "flexDirection": "row",
              },
              null,
            ]
          }
        >
          <View
            style={
              {
                "marginHorizontal": 10,
                "marginVertical": 5,
              }
            }
          >
            <View
              style={
                [
                  {
                    "paddingHorizontal": 16,
                  },
                  undefined,
                  {
                    "alignItems": "center",
                  },
                ]
              }
            >
              <Image
                source={
                  {
                    "uri": "https://burst.shopifycdn.com/photos/fruit-plate.jpg?width=373&height=373&format=pjpg&exif=1&iptc=1",
                  }
                }
                style={
                  {
                    "borderRadius": 4,
                    "height": 180,
                    "width": 170,
                  }
                }
              />
              <View
                style={
                  {
                    "alignItems": "center",
                    "flexDirection": "row",
                  }
                }
              >
                <Text
                  style={
                    [
                      {
                        "color": "#000000",
                        "fontFamily": "System",
                        "fontWeight": "400",
                      },
                      {
                        "textAlign": "left",
                      },
                      [
                        {
                          "textAlign": "left",
                        },
                        {
                          "color": "rgba(0, 0, 0, 0.87)",
                          "fontFamily": "System",
                          "fontWeight": "500",
                          "writingDirection": "ltr",
                        },
                        [
                          {
                            "fontSize": 20,
                            "letterSpacing": 0.15,
                            "lineHeight": 30,
                            "marginVertical": 2,
                          },
                          {
                            "fontSize": 14,
                            "fontWeight": "bold",
                            "marginRight": 10,
                          },
                        ],
                      ],
                    ]
                  }
                >
                  Baby Yellow Pepper
                </Text>
                <Text
                  allowFontScaling={false}
                  selectable={false}
                  style={
                    [
                      {
                        "color": "#364A15",
                        "fontSize": 18,
                      },
                      undefined,
                      {
                        "fontFamily": "Entypo",
                        "fontStyle": "normal",
                        "fontWeight": "normal",
                      },
                      {},
                    ]
                  }
                >
                  Ôáç
                </Text>
              </View>
              <View
                style={
                  {
                    "alignItems": "center",
                    "flexDirection": "row",
                    "justifyContent": "center",
                    "marginTop": 5,
                  }
                }
              >
                <Text
                  style={
                    [
                      {
                        "color": "#000000",
                        "fontFamily": "System",
                        "fontWeight": "400",
                      },
                      {
                        "textAlign": "left",
                      },
                      {
                        "color": "#008D3E",
                        "fontSize": 14,
                        "fontWeight": "400",
                      },
                    ]
                  }
                >
                  $12.00
                </Text>
                <Text
                  style={
                    [
                      {
                        "color": "#000000",
                        "fontFamily": "System",
                        "fontWeight": "400",
                      },
                      {
                        "textAlign": "left",
                      },
                      {
                        "color": "#808080",
                        "fontSize": 12,
                        "fontWeight": "400",
                      },
                    ]
                  }
                >
                   / pack
                </Text>
              </View>
              <Text
                style={
                  [
                    {
                      "color": "#000000",
                      "fontFamily": "System",
                      "fontWeight": "400",
                    },
                    {
                      "textAlign": "left",
                    },
                    {
                      "color": "#808080",
                      "fontSize": 12,
                      "fontWeight": "400",
                    },
                  ]
                }
              />
              <View
                collapsable={false}
                style={
                  {
                    "backgroundColor": "#F1F9F4",
                    "borderColor": "transparent",
                    "borderRadius": 0,
                    "borderStyle": "solid",
                    "borderWidth": 0,
                    "elevation": 2,
                    "minWidth": 64,
                    "shadowColor": "#000000",
                    "shadowOffset": {
                      "height": 0.75,
                      "width": 0,
                    },
                    "shadowOpacity": 0.24,
                    "shadowRadius": 1.5,
                    "width": "100%",
                  }
                }
              >
                <View
                  accessibilityRole="button"
                  accessibilityState={
                    {
                      "disabled": false,
                    }
                  }
                  accessible={true}
                  focusable={true}
                  onClick={[Function]}
                  onResponderGrant={[Function]}
                  onResponderMove={[Function]}
                  onResponderRelease={[Function]}
                  onResponderTerminate={[Function]}
                  onResponderTerminationRequest={[Function]}
                  onStartShouldSetResponder={[Function]}
                  style={
                    [
                      {
                        "overflow": "hidden",
                      },
                      {
                        "borderRadius": 4,
                      },
                    ]
                  }
                >
                  <View
                    style={
                      [
                        {
                          "alignItems": "center",
                          "flexDirection": "row",
                          "justifyContent": "center",
                        },
                        undefined,
                      ]
                    }
                  >
                    <Text
                      numberOfLines={1}
                      selectable={false}
                      style={
                        [
                          {
                            "color": "#000000",
                            "fontFamily": "System",
                            "fontWeight": "400",
                          },
                          {
                            "textAlign": "left",
                          },
                          [
                            {
                              "letterSpacing": 1,
                              "marginHorizontal": 16,
                              "marginVertical": 9,
                              "textAlign": "center",
                            },
                            undefined,
                            {
                              "textTransform": "uppercase",
                            },
                            {
                              "color": "#ffffff",
                              "fontFamily": "System",
                              "fontWeight": "500",
                            },
                            {
                              "fontFamily": "System",
                              "fontWeight": "500",
                            },
                            {
                              "color": "#008D3E",
                            },
                          ],
                        ]
                      }
                    >
                      Add
                    </Text>
                  </View>
                </View>
              </View>
            </View>
          </View>
        </View>
        <View
          onLayout={[Function]}
          style={
            [
              {
                "flexDirection": "row",
              },
              null,
            ]
          }
        >
          <View
            style={
              {
                "marginHorizontal": 10,
                "marginVertical": 5,
              }
            }
          >
            <View
              style={
                [
                  {
                    "paddingHorizontal": 16,
                  },
                  undefined,
                  {
                    "alignItems": "center",
                  },
                ]
              }
            >
              <Image
                source={
                  {
                    "uri": "https://burst.shopifycdn.com/photos/red-and-green-gooseberries-against-white.jpg?width=373&format=pjpg&exif=1&iptc=1",
                  }
                }
                style={
                  {
                    "borderRadius": 4,
                    "height": 180,
                    "width": 170,
                  }
                }
              />
              <View
                style={
                  {
                    "alignItems": "center",
                    "flexDirection": "row",
                  }
                }
              >
                <Text
                  style={
                    [
                      {
                        "color": "#000000",
                        "fontFamily": "System",
                        "fontWeight": "400",
                      },
                      {
                        "textAlign": "left",
                      },
                      [
                        {
                          "textAlign": "left",
                        },
                        {
                          "color": "rgba(0, 0, 0, 0.87)",
                          "fontFamily": "System",
                          "fontWeight": "500",
                          "writingDirection": "ltr",
                        },
                        [
                          {
                            "fontSize": 20,
                            "letterSpacing": 0.15,
                            "lineHeight": 30,
                            "marginVertical": 2,
                          },
                          {
                            "fontSize": 14,
                            "fontWeight": "bold",
                            "marginRight": 10,
                          },
                        ],
                      ],
                    ]
                  }
                >
                  Capsicum mixed
                </Text>
                <Text
                  allowFontScaling={false}
                  selectable={false}
                  style={
                    [
                      {
                        "color": "#364A15",
                        "fontSize": 18,
                      },
                      undefined,
                      {
                        "fontFamily": "Entypo",
                        "fontStyle": "normal",
                        "fontWeight": "normal",
                      },
                      {},
                    ]
                  }
                >
                  Ôáç
                </Text>
              </View>
              <View
                style={
                  {
                    "alignItems": "center",
                    "flexDirection": "row",
                    "justifyContent": "center",
                    "marginTop": 5,
                  }
                }
              >
                <Text
                  style={
                    [
                      {
                        "color": "#000000",
                        "fontFamily": "System",
                        "fontWeight": "400",
                      },
                      {
                        "textAlign": "left",
                      },
                      {
                        "color": "#008D3E",
                        "fontSize": 14,
                        "fontWeight": "400",
                      },
                    ]
                  }
                >
                  $23.00
                </Text>
                <Text
                  style={
                    [
                      {
                        "color": "#000000",
                        "fontFamily": "System",
                        "fontWeight": "400",
                      },
                      {
                        "textAlign": "left",
                      },
                      {
                        "color": "#808080",
                        "fontSize": 12,
                        "fontWeight": "400",
                      },
                    ]
                  }
                >
                   / pack
                </Text>
              </View>
              <Text
                style={
                  [
                    {
                      "color": "#000000",
                      "fontFamily": "System",
                      "fontWeight": "400",
                    },
                    {
                      "textAlign": "left",
                    },
                    {
                      "color": "#808080",
                      "fontSize": 12,
                      "fontWeight": "400",
                    },
                  ]
                }
              />
              <View
                collapsable={false}
                style={
                  {
                    "backgroundColor": "#F1F9F4",
                    "borderColor": "transparent",
                    "borderRadius": 0,
                    "borderStyle": "solid",
                    "borderWidth": 0,
                    "elevation": 2,
                    "minWidth": 64,
                    "shadowColor": "#000000",
                    "shadowOffset": {
                      "height": 0.75,
                      "width": 0,
                    },
                    "shadowOpacity": 0.24,
                    "shadowRadius": 1.5,
                    "width": "100%",
                  }
                }
              >
                <View
                  accessibilityRole="button"
                  accessibilityState={
                    {
                      "disabled": false,
                    }
                  }
                  accessible={true}
                  focusable={true}
                  onClick={[Function]}
                  onResponderGrant={[Function]}
                  onResponderMove={[Function]}
                  onResponderRelease={[Function]}
                  onResponderTerminate={[Function]}
                  onResponderTerminationRequest={[Function]}
                  onStartShouldSetResponder={[Function]}
                  style={
                    [
                      {
                        "overflow": "hidden",
                      },
                      {
                        "borderRadius": 4,
                      },
                    ]
                  }
                >
                  <View
                    style={
                      [
                        {
                          "alignItems": "center",
                          "flexDirection": "row",
                          "justifyContent": "center",
                        },
                        undefined,
                      ]
                    }
                  >
                    <Text
                      numberOfLines={1}
                      selectable={false}
                      style={
                        [
                          {
                            "color": "#000000",
                            "fontFamily": "System",
                            "fontWeight": "400",
                          },
                          {
                            "textAlign": "left",
                          },
                          [
                            {
                              "letterSpacing": 1,
                              "marginHorizontal": 16,
                              "marginVertical": 9,
                              "textAlign": "center",
                            },
                            undefined,
                            {
                              "textTransform": "uppercase",
                            },
                            {
                              "color": "#ffffff",
                              "fontFamily": "System",
                              "fontWeight": "500",
                            },
                            {
                              "fontFamily": "System",
                              "fontWeight": "500",
                            },
                            {
                              "color": "#008D3E",
                            },
                          ],
                        ]
                      }
                    >
                      Add
                    </Text>
                  </View>
                </View>
              </View>
            </View>
          </View>
        </View>
      </View>
    </RCTScrollView>
  </View>
</View>
`;
