// Jest Snapshot v1, https://goo.gl/fbAQLP

exports[`Sidebar should render the sidebar 1`] = `
<div
  aria-expanded="false"
  class=""
  data-testid="sidebar-title"
  role="button"
  tabindex="0"
>
  <div
    class=""
    data-baseweb="typo-labelsmall"
  >
    title
  </div>
  <span
    class=""
  />
  <span
    data-kind="action"
  >
    <button
      data-testid="hello"
      type="button"
    >
      Hello world
    </button>
  </span>
  <svg
    aria-hidden="true"
    fill="currentColor"
    focusable="false"
    height="16"
    preserveAspectRatio="xMidYMid meet"
    viewBox="0 0 16 16"
    width="16"
    xmlns="http://www.w3.org/2000/svg"
  >
    <path
      d="M8 5L13 10 12.3 10.7 8 6.4 3.7 10.7 3 10z"
    />
  </svg>
</div>
`;
